// Jest Snapshot v1, https://goo.gl/fbAQLP

exports[`App renders correctly 1`] = `
<div
  className="App"
>
  <div
    className="MuiContainer-root MuiContainer-maxWidthXl css-19r6kue-MuiContainer-root"
  >
    <div
      className="MuiPaper-root MuiPaper-elevation MuiPaper-rounded MuiPaper-elevation1 MuiBox-root css-gx1m5n-MuiPaper-root"
    >
      <div
        className="MuiBox-root css-1kgakwq"
      >
        <header
          className="MuiBox-root css-0"
        >
          <h1
            className="MuiTypography-root MuiTypography-h2 MuiTypography-gutterBottom css-i1hrn3-MuiTypography-root"
          >
            <b>
              Prince's Theatre
            </b>
          </h1>
          <h4
            className="MuiTypography-root MuiTypography-h4 MuiTypography-gutterBottom css-1vw6mcs-MuiTypography-root"
          >
            Save your money, guaranteed!
          </h4>
          <p
            className="MuiTypography-root MuiTypography-body1 MuiTypography-gutterBottom css-1idk476-MuiTypography-root"
          >
            Hi there! Welcome to Prince's Theatre, here you'll see some movie prices from two cinemas!
          </p>
        </header>
        <section
          circle="true"
          className="MuiGrid-root MuiGrid-item css-48pxfh-MuiGrid-root"
          id="movie-cards-list"
        >
          <div
            className="MuiContainer-root MuiContainer-maxWidthLg css-1t9p3vr-MuiContainer-root"
          >
            <div
              className="MuiGrid-root MuiGrid-container MuiGrid-spacing-xs-4 css-qktg34-MuiGrid-root"
            >
              <div
                className="MuiBox-root css-1dwuyr9"
              >
                <span
                  className="MuiLinearProgress-root MuiLinearProgress-colorPrimary MuiLinearProgress-indeterminate css-eglki6-MuiLinearProgress-root"
                  role="progressbar"
                >
                  <span
                    className="MuiLinearProgress-bar MuiLinearProgress-barColorPrimary MuiLinearProgress-bar1Indeterminate css-5ir5xx-MuiLinearProgress-bar1"
                    style={Object {}}
                  />
                  <span
                    className="MuiLinearProgress-bar MuiLinearProgress-barColorPrimary MuiLinearProgress-bar2Indeterminate css-1r8wrcl-MuiLinearProgress-bar2"
                    style={Object {}}
                  />
                </span>
              </div>
            </div>
          </div>
        </section>
      </div>
    </div>
  </div>
</div>
`;
